[config] 目标优先序改为: ['weighted_tardiness', 'energy', 'makespan', 'sortie_count']
================================================================================================
第二问：异构无人机多点多架次运输调度    run_id = q2_run02
================================================================================================
[P0] 输入对账
   节点数 = 16（1 调度中心 + 15 服务区）                  PASS 16 个节点
   货箱数 = 80 且编号唯一                             PASS 80 箱 / 80 个唯一编号
   总质量 = 758 kg                               PASS 758.000 kg
   总体积 = 2.011 m³                             PASS 2.0110 m³
   首批保障货箱 = 30 箱                              PASS 30 箱
   硬时限货箱 = 31 箱                               PASS 31 箱
   硬截止 3600 s 对应 17 箱                         PASS 17 箱
   硬截止 7200 s 对应 7 箱                          PASS 7 箱
   硬截止 10800 s 对应 7 箱                         PASS 7 箱
   S001-MED-02 硬截止 = 3600 s（非首批但须按时）          PASS 3600.0
   S012-MED-01 取较早时限 3600 s                   PASS 3600.0
   S014-MED-01 取较早时限 3600 s                   PASS 3600.0
   汇总需求与逐箱清单逐区逐类型一致                           PASS OK
   => 全部通过
[P1a] 命中航段几何缓存 240 条
[P1a] 几何验收：正反向距离/最高地形差 0 m，爬升下降互换差 0 m，越界航段 0 条

[P2] 候选池：589 条（支配剪枝删除 23 条）
     来源分布: {'single': 240, 'zone_chain_rand': 118, 'urgent_bundle': 45, 'zone_chain': 35, 'pair': 60, 'triple': 72, 'pair_full': 19}
     机型分布: {'A': 134, 'B': 177, 'C': 278}
     覆盖货箱 80/80，其中硬时限货箱 31/31
     多点候选（≥2 停靠）151 条，最多停靠 3 站
     平均单候选能耗 3.296 kWh

[P2] 基线（候选池列表调度）：覆盖 80/80 箱，31 架次，硬时限全部满足=True，最小硬时限余量 803 s
     加权超期量 795521，完成时间 15611 s，总能耗 84.07 kWh

[P3] 求解阶段 tardiness  时间上限 60 s（开始时刻上界 35612 s）...
     -> OPTIMAL 目标=0 界=0 用时=5.4s
[P3] 求解阶段 energy     时间上限 120 s（开始时刻上界 14283 s）...
     -> FEASIBLE 目标=6.103e+04 界=6.098e+04 用时=120.2s
[P3] 求解阶段 makespan   时间上限 180 s（开始时刻上界 9999 s）...
     -> FEASIBLE 目标=9586 界=1 用时=180.0s
[P3] 求解阶段 sorties    时间上限 60 s（开始时刻上界 9586 s）...
     -> FEASIBLE 目标=21 界=20 用时=60.1s
[P3] 最终方案：21 架次，加权超期量 0，完成时间 9586 s，总能耗 61.03 kWh，硬时限全部满足=True，最小余量 53 s

[P3] 设备编号分配完成：21 架次，无人机 7 台、电池 11 组

[P5] 独立校验：总体 通过
     货箱覆盖 OK；硬时限违规 0 箱（最小余量 53.3 s，S004-MED-01）
     载荷与能量 OK（逐航段 43 段，总能耗 61.028 kWh）
     资源占用 OK（无人机峰值 7，电池峰值 11）
     指标一致性 OK

[P5] 导出完成，运行目录：D:\CyberStorm\Documents\数模\D题\q2\runs\q2_run02
     总用时 368.2 s
